main.c:111:1:__io_putchar	16	static
main.c:125:5:main	8	static
main.c:233:6:SystemClock_Config	88	static
main.c:278:13:MX_I2C1_Init	8	static
main.c:312:13:MX_TIM2_Init	32	static
main.c:357:13:MX_TIM3_Init	64	static
main.c:416:13:MX_TIM5_Init	48	static
main.c:469:13:MX_TIM11_Init	8	static
main.c:500:13:MX_USART2_UART_Init	8	static
main.c:533:13:MX_GPIO_Init	48	static
main.c:594:6:StartDefaultTask	16	static
main.c:613:6:StartTask02	16	static
main.c:632:6:StartTask03	16	static
main.c:651:6:HAL_TIM_PeriodElapsedCallback	16	static
main.c:670:6:Error_Handler	4	static,ignoring_inline_asm
