main.c:118:1:__io_putchar	16	static
main.c:132:5:main	8	static
main.c:244:6:SystemClock_Config	88	static
main.c:289:13:MX_I2C1_Init	8	static
main.c:323:13:MX_I2C2_Init	8	static
main.c:357:13:MX_I2C3_Init	8	static
main.c:391:13:MX_SPI2_Init	8	static
main.c:429:13:MX_TIM2_Init	32	static
main.c:474:13:MX_TIM3_Init	64	static
main.c:533:13:MX_TIM5_Init	48	static
main.c:586:13:MX_TIM11_Init	8	static
main.c:617:13:MX_USART2_UART_Init	8	static
main.c:650:13:MX_GPIO_Init	48	static
main.c:708:6:StartDefaultTask	16	static
main.c:727:6:StartTask02	16	static
main.c:746:6:StartTask03	16	static
main.c:765:6:HAL_TIM_PeriodElapsedCallback	16	static
main.c:784:6:Error_Handler	4	static,ignoring_inline_asm
