main.c:112:1:__io_putchar	16	static
main.c:126:5:main	8	static
main.c:240:6:SystemClock_Config	88	static
main.c:285:13:MX_I2C1_Init	8	static
main.c:319:13:MX_TIM2_Init	32	static
main.c:364:13:MX_TIM3_Init	64	static
main.c:423:13:MX_TIM5_Init	64	static
main.c:482:13:MX_TIM11_Init	8	static
main.c:513:13:MX_USART2_UART_Init	8	static
main.c:546:13:MX_GPIO_Init	48	static
main.c:624:6:StartDefaultTask	16	static
main.c:643:6:StartTask02	16	static
main.c:662:6:StartTask03	16	static
main.c:684:6:HAL_TIM_PeriodElapsedCallback	16	static
main.c:705:6:Error_Handler	4	static,ignoring_inline_asm
