main.c:135:1:__io_putchar	16	static
main.c:149:5:main	8	static
main.c:270:6:SystemClock_Config	88	static
main.c:315:13:MX_I2C1_Init	8	static
main.c:349:13:MX_TIM2_Init	32	static
main.c:394:13:MX_TIM3_Init	64	static
main.c:453:13:MX_TIM5_Init	48	static
main.c:502:13:MX_TIM11_Init	8	static
main.c:533:13:MX_USART2_UART_Init	8	static
main.c:566:13:MX_GPIO_Init	48	static
main.c:662:6:StartDefaultTask	16	static
main.c:682:6:StartTask02	16	static
main.c:701:6:StartTask03	16	static
main.c:720:6:StartTask04	16	static
main.c:747:6:StartTask05	16	static
main.c:768:6:HAL_TIM_PeriodElapsedCallback	16	static
main.c:789:6:Error_Handler	4	static,ignoring_inline_asm
