main.c:112:1:__io_putchar	16	static
main.c:126:5:main	40	static
main.c:256:6:SystemClock_Config	88	static
main.c:301:13:MX_I2C1_Init	8	static
main.c:335:13:MX_TIM2_Init	32	static
main.c:380:13:MX_TIM3_Init	64	static
main.c:439:13:MX_TIM5_Init	48	static
main.c:492:13:MX_TIM11_Init	8	static
main.c:523:13:MX_USART2_UART_Init	8	static
main.c:556:13:MX_GPIO_Init	48	static
main.c:627:6:StartDefaultTask	16	static
main.c:646:6:StartTask02	16	static
main.c:665:6:StartTask03	16	static
main.c:684:6:HAL_TIM_PeriodElapsedCallback	24	static
main.c:715:6:Error_Handler	4	static,ignoring_inline_asm
