main.c:107:1:__io_putchar	16	static
main.c:121:5:main	8	static
main.c:224:6:SystemClock_Config	88	static
main.c:269:13:MX_I2C1_Init	8	static
main.c:303:13:MX_TIM2_Init	32	static
main.c:348:13:MX_TIM11_Init	8	static
main.c:379:13:MX_USART2_UART_Init	8	static
main.c:412:13:MX_GPIO_Init	48	static
main.c:473:6:StartDefaultTask	16	static
main.c:492:6:StartTask02	16	static
main.c:511:6:StartTask03	16	static
main.c:530:6:HAL_TIM_PeriodElapsedCallback	16	static
main.c:552:6:Error_Handler	4	static,ignoring_inline_asm
