main.c:114:1:__io_putchar	16	static
main.c:128:5:main	8	static
main.c:237:6:SystemClock_Config	88	static
main.c:282:13:MX_I2C1_Init	8	static
main.c:316:13:MX_SPI2_Init	8	static
main.c:354:13:MX_TIM2_Init	32	static
main.c:399:13:MX_TIM3_Init	64	static
main.c:458:13:MX_TIM5_Init	48	static
main.c:511:13:MX_TIM11_Init	8	static
main.c:542:13:MX_USART2_UART_Init	8	static
main.c:575:13:MX_GPIO_Init	48	static
main.c:636:6:StartDefaultTask	16	static
main.c:655:6:StartTask02	16	static
main.c:674:6:StartTask03	16	static
main.c:693:6:HAL_TIM_PeriodElapsedCallback	16	static
main.c:712:6:Error_Handler	4	static,ignoring_inline_asm
